Info: Start Nativelink Simulation process

========= EDA Simulation Settings =====================

Sim Mode              :  Gate
Family                :  cycloneiii
Quartus root          :  /home/adrian/altera/13.1/quartus/linux64/
Quartus sim root      :  /home/adrian/altera/13.1/quartus/eda/sim_lib
Simulation Tool       :  modelsim-altera
Simulation Language   :  verilog
Simulation Mode       :  GUI
Sim Output File       :  RSM.vo
Sim SDF file          :  RSM__verilog.sdo
Sim dir               :  simulation/modelsim

=======================================================

Info: Starting NativeLink simulation with ModelSim-Altera software
Sourced NativeLink script /home/adrian/altera/13.1/quartus/common/tcl/internal/nativelink/modelsim.tcl
Warning: File RSM_run_msim_gate_verilog.do already exists - backing up current file as RSM_run_msim_gate_verilog.do.bak3
Probing transcript
ModelSim-Altera Info: # do RSM_run_msim_gate_verilog.do
ModelSim-Altera Info: # if {[file exists gate_work]} {
ModelSim-Altera Info: # 	vdel -lib gate_work -all
ModelSim-Altera Info: # }
ModelSim-Altera Info: # vlib gate_work
ModelSim-Altera Info: # vmap work gate_work
ModelSim-Altera Info: # Model Technology ModelSim - Intel FPGA Edition vmap 10.5c Lib Mapping Utility 2017.01 Jan 23 2017
ModelSim-Altera Info: # vmap work gate_work 
ModelSim-Altera Info: # Copying /home/adrian/altera/ModelSim/modelsim_ase/linuxaloem/../modelsim.ini to modelsim.ini
ModelSim-Altera Info: # Modifying modelsim.ini
ModelSim-Altera Info: # 
ModelSim-Altera Info: # vlog -vlog01compat -work work +incdir+. {RSM.vo}
ModelSim-Altera Info: # Model Technology ModelSim - Intel FPGA Edition vlog 10.5c Compiler 2017.01 Jan 23 2017
ModelSim-Altera Info: # Start time: 11:37:28 on Mar 14,2018
ModelSim-Altera Info: # vlog -reportprogress 300 -vlog01compat -work work "+incdir+." RSM.vo 
ModelSim-Altera Info: # -- Compiling module PRNG
ModelSim-Altera Info: # 
ModelSim-Altera Info: # Top level modules:
ModelSim-Altera Info: # 	PRNG
ModelSim-Altera Info: # End time: 11:37:28 on Mar 14,2018, Elapsed time: 0:00:00
ModelSim-Altera Info: # Errors: 0, Warnings: 0
ModelSim-Altera Info: # 
Info: NativeLink simulation flow was successful
